---
source: derive/src/characterization_tests.rs
---
impl<T: crate::spacetimedsl::WriteContext> crate::spacetimedsl::DSL<'_, T> {
    #[allow(clippy::needless_lifetimes, clippy::too_many_arguments)]
    ///Create a row in the `server_binding` table.
    pub fn create_server_binding<'a>(
        &'a self,
        server_binding: CreateServerBinding,
    ) -> Result<ServerBinding, crate::spacetimedsl::error::SpacetimeDSLError> {
        use ::spacetimedsl::Wrapper;
        use spacetimedb::{CtxDbRead, CtxDbWrite, Table as _};
        let id = 0u8;
        let region_id = server_binding.region_id.value();
        let server_binding = ServerBinding { id, region_id };
        let mut the_same_or_another_server_binding: Option<ServerBinding> = None;
        if region_id.ne(&0) {
            match self.get_region_by_id(server_binding.get_region_id()) {
                Ok(_) => {}
                Err(_) => {
                    return Err(
                        crate::spacetimedsl::error::SpacetimeDSLError::ReferenceIntegrityViolation(crate::spacetimedsl::error::ReferenceIntegrityViolationError::OnCreateOrUpdate {
                            table_name: "server_binding".into(),
                            create_or_update: crate::spacetimedsl::error::Action::Create,
                            column_names_and_row_values: format!(
                                "{{ {} : {} }}", region_id, server_binding.get_region_id()
                            )
                                .into(),
                        }),
                    );
                }
            };
        }
        match self.db().server_binding().try_insert(server_binding.clone()) {
            Ok(entity) => Ok(entity),
            Err(error) => {
                match error {
                    spacetimedb::TryInsertError::UniqueConstraintViolation(_) => {
                        Err(crate::spacetimedsl::error::SpacetimeDSLError::UniqueConstraintViolation {
                            table_name: "server_binding".into(),
                            action: crate::spacetimedsl::error::Action::Create,
                            error_from: crate::spacetimedsl::error::ErrorFrom::SpacetimeDB,
                            one_or_multiple: crate::spacetimedsl::error::OneOrMultiple::One,
                            column_names_and_row_values: format!(
                                "{{ server_binding : {:?} }}", server_binding
                            )
                                .into(),
                        })
                    }
                    spacetimedb::TryInsertError::AutoIncOverflow(_) => {
                        Err(crate::spacetimedsl::error::SpacetimeDSLError::AutoIncOverflow {
                            table_name: "server_binding".into(),
                        })
                    }
                }
            }
        }
    }
}
