---
source: derive/src/characterization_tests.rs
---
// Documentation appended to the struct:
///
/// # Foreign keys of the `server_binding` table
///
/// - `region_id` references the `id` column of the `region` table (`self`).
///   - On delete: `Delete`
///   - On soft delete: none, the `region` table is not soft-deletable

pub trait this_compilation_error_occurs_because_the_server_binding_table_has_no_foreign_key_attribute_referencing_the_region_table {}
const _: () = {
    use self::this_compilation_error_occurs_because_the_region_table_is_not_deletable_or_has_no_referenced_by_attribute_referencing_the_server_binding_table;
    use self::this_compilation_error_occurs_because_your_foreign_key_referencing_the_region_table_needs_to_define_a_strategy_for_on_soft_delete_or_the_region_table_has_no_referenced_by_attribute_referencing_the_server_binding_table;
};
impl ServerBinding {
    /**References the `id` column of the `region` table (`self`).

- On delete: `Delete`
- On soft delete: none, the `region` table is not soft-deletable*/
    pub fn get_region_id(&self) -> RegionId {
        use crate::spacetimedsl::Wrapper;
        RegionId::new(self.region_id.clone())
    }
    /**References the `id` column of the `region` table (`self`).

- On delete: `Delete`
- On soft delete: none, the `region` table is not soft-deletable*/
    pub fn set_region_id(&mut self, region_id: impl Into<RegionId>) -> RegionId {
        use crate::spacetimedsl::Wrapper;
        let old_value = std::mem::replace(&mut self.region_id, region_id.into().value());
        RegionId::new(old_value)
    }
}
///
pub struct CreateServerBinding {
    pub region_id: RegionId,
}

// Generated DSL methods:
// create_server_binding
// delete_server_binding
// execute_on_delete_strategies_of_the_server_binding_table_after_multiple_rows_of_the_region_table_were_deleted
// execute_on_delete_strategies_of_the_server_binding_table_after_one_row_of_the_region_table_was_deleted
// get_server_binding
// update_server_binding
