---
source: derive/src/characterization_tests.rs
---
impl<T: crate::spacetimedsl::WriteContext> crate::spacetimedsl::DSL<'_, T> {
    #[allow(clippy::needless_lifetimes, clippy::too_many_arguments)]
    ///Create a row in the `label` table.
    pub fn create_label<'a>(
        &'a self,
        label: CreateLabel,
    ) -> Result<Label, crate::spacetimedsl::error::SpacetimeDSLError> {
        use ::spacetimedsl::Wrapper;
        use spacetimedb::{CtxDbRead, CtxDbWrite, Table as _};
        let id = u64::default();
        let caption = label.caption;
        let code = label.code;
        let label = Label { id, caption, code };
        match self.db().label().try_insert(label.clone()) {
            Ok(entity) => Ok(entity),
            Err(error) => {
                match error {
                    spacetimedb::TryInsertError::UniqueConstraintViolation(_) => {
                        Err(crate::spacetimedsl::error::SpacetimeDSLError::UniqueConstraintViolation {
                            table_name: "label".into(),
                            action: crate::spacetimedsl::error::Action::Create,
                            error_from: crate::spacetimedsl::error::ErrorFrom::SpacetimeDB,
                            one_or_multiple: crate::spacetimedsl::error::OneOrMultiple::One,
                            column_names_and_row_values: format!(
                                "{{ label : {:?} }}", label
                            )
                                .into(),
                        })
                    }
                    spacetimedb::TryInsertError::AutoIncOverflow(_) => {
                        Err(crate::spacetimedsl::error::SpacetimeDSLError::AutoIncOverflow {
                            table_name: "label".into(),
                        })
                    }
                }
            }
        }
    }
}
