---
source: derive/src/characterization_tests.rs
---
impl ::other_crate::tables::LedgerId {
    /**Get all `Transfer` rows whose `source_ledger_id` column references this `LedgerId`.

Use it like `ledger_id.get_transfers_by_source_ledger_id(&dsl)`.*/
    pub fn get_transfers_by_source_ledger_id<
        'a,
        T: 'a + crate::spacetimedsl::ReadContext,
    >(&self, dsl: impl Into<crate::spacetimedsl::ReadOnlyDSL<'a, T>>) -> Vec<Transfer> {
        dsl.into().get_transfers_by_source_ledger_id(self).collect()
    }
}
impl other_crate::tables::LedgerId {
    /**Get all `Transfer` rows whose `target_ledger_id` column references this `LedgerId`.

Use it like `ledger_id.get_transfers_by_target_ledger_id(&dsl)`.*/
    pub fn get_transfers_by_target_ledger_id<
        'a,
        T: 'a + crate::spacetimedsl::ReadContext,
    >(&self, dsl: impl Into<crate::spacetimedsl::ReadOnlyDSL<'a, T>>) -> Vec<Transfer> {
        dsl.into().get_transfers_by_target_ledger_id(self).collect()
    }
}
