---
source: derive/src/characterization_tests.rs
---
impl<T: crate::spacetimedsl::WriteContext> crate::spacetimedsl::DSL<'_, T> {
    #[allow(clippy::needless_lifetimes, clippy::too_many_arguments)]
    /**Create a row in the `badge` table.

# Foreign keys

Fails with `ReferenceIntegrityViolation` unless each column references a row:

- `member_id`: a row of the `member` table (`self`), or `0`*/
    pub fn create_badge<'a>(
        &'a self,
        badge: CreateBadge,
    ) -> Result<Badge, crate::spacetimedsl::error::SpacetimeDSLError> {
        use crate::spacetimedsl::Wrapper;
        use ::spacetimedb::{CtxDbRead, CtxDbWrite, Table as _};
        let id = u64::default();
        let member_id = badge.member_id.value();
        let badge = Badge { id, member_id };
        let mut the_same_or_another_badge: Option<Badge> = None;
        if member_id.ne(&0) {
            match self.get_member_by_id(badge.get_member_id()) {
                Ok(_) => {}
                Err(_) => {
                    return Err(
                        crate::spacetimedsl::error::SpacetimeDSLError::ReferenceIntegrityViolation(crate::spacetimedsl::error::ReferenceIntegrityViolationError::OnCreateOrUpdate {
                            table_name: "badge".into(),
                            create_or_update: crate::spacetimedsl::error::CreateOrUpdate::Create,
                            column_names_and_row_values: format!(
                                "{{ member_id : {} }}", badge.get_member_id().value()
                            )
                                .into(),
                        }),
                    );
                }
            };
        }
        let unique_column_values = (badge.id.clone(),);
        match self.db().badge().try_insert(badge) {
            Ok(entity) => Ok(entity),
            Err(error) => {
                match error {
                    ::spacetimedb::TryInsertError::UniqueConstraintViolation(_) => {
                        Err(crate::spacetimedsl::error::SpacetimeDSLError::UniqueConstraintViolation {
                            table_name: "badge".into(),
                            action: crate::spacetimedsl::error::Action::Create,
                            error_from: crate::spacetimedsl::error::ErrorFrom::SpacetimeDB,
                            one_or_multiple: crate::spacetimedsl::error::OneOrMultiple::One,
                            column_names_and_row_values: format!(
                                "{{ id : {} }}", unique_column_values.0
                            )
                                .into(),
                        })
                    }
                    ::spacetimedb::TryInsertError::AutoIncOverflow(_) => {
                        Err(crate::spacetimedsl::error::SpacetimeDSLError::AutoIncOverflow {
                            table_name: "badge".into(),
                        })
                    }
                }
            }
        }
    }
}
