---
source: derive/src/characterization_tests.rs
---
impl<T: crate::spacetimedsl::WriteContext> crate::spacetimedsl::DSL<'_, T> {
    #[allow(clippy::needless_lifetimes, clippy::too_many_arguments)]
    ///Create a row in the `warehouse` table.
    pub fn create_warehouse<'a>(
        &'a self,
        warehouse: CreateWarehouse,
    ) -> Result<Warehouse, crate::spacetimedsl::error::SpacetimeDSLError> {
        use ::spacetimedsl::Wrapper;
        use spacetimedb::{CtxDbRead, CtxDbWrite, Table as _};
        let id = u64::default();
        let name = warehouse.name;
        let warehouse = Warehouse { id, name };
        match self.db().warehouse().try_insert(warehouse.clone()) {
            Ok(entity) => Ok(entity),
            Err(error) => {
                match error {
                    spacetimedb::TryInsertError::UniqueConstraintViolation(_) => {
                        Err(crate::spacetimedsl::error::SpacetimeDSLError::UniqueConstraintViolation {
                            table_name: "warehouse".into(),
                            action: crate::spacetimedsl::error::Action::Create,
                            error_from: crate::spacetimedsl::error::ErrorFrom::SpacetimeDB,
                            one_or_multiple: crate::spacetimedsl::error::OneOrMultiple::One,
                            column_names_and_row_values: format!(
                                "{{ warehouse : {:?} }}", warehouse
                            )
                                .into(),
                        })
                    }
                    spacetimedb::TryInsertError::AutoIncOverflow(_) => {
                        Err(crate::spacetimedsl::error::SpacetimeDSLError::AutoIncOverflow {
                            table_name: "warehouse".into(),
                        })
                    }
                }
            }
        }
    }
}
